2026/05/07 12:03:25 Error loading .env file, using system default env
{"level":"info","ts":1778126605.4932745,"caller":"app/app.go:96","msg":"redis connected","addr":"localhost:31029"}
{"level":"info","ts":1778126605.4933913,"caller":"app/app.go:117","msg":"initializing dialogue chat agent"}
{"level":"info","ts":1778126636.3197386,"caller":"app/app.go:126","msg":"dialogue chat agent initialized"}
{"level":"info","ts":1778126636.3197842,"caller":"app/app.go:129","msg":"initializing knowledge upload agent"}
{"level":"info","ts":1778126636.3292656,"caller":"knowledge/agent.go:53","msg":"knowledge upload agent created"}
{"level":"info","ts":1778126636.3293078,"caller":"app/app.go:136","msg":"knowledge upload agent initialized"}
2026/05/07 12:03:56 Dialogue and knowledge application initialized successfully
2026-05-07 12:03:56.333 [INFO] pid[1329261]: http server started listening on [:6872]
2026-05-07 12:03:56.333 [INFO] {f23adc0dba2cad18f694b904fc8820d2} swagger ui is serving at address: http://127.0.0.1:6872/swagger/
2026-05-07 12:03:56.333 [INFO] {f23adc0dba2cad18f694b904fc8820d2} openapi specification is serving at address: http://127.0.0.1:6872/api.json

  ADDRESS | METHOD |           ROUTE            |                              HANDLER                               |          MIDDLEWARE            
----------|--------|----------------------------|--------------------------------------------------------------------|--------------------------------
  :6872   | ALL    | /api.json                  | github.com/gogf/gf/v2/net/ghttp.(*Server).openapiSpec              |                                
----------|--------|----------------------------|--------------------------------------------------------------------|--------------------------------
  :6872   | POST   | /api/v1/chat_resume_stream | go_agent/internal/controller/chat.(*ControllerV1).ChatResumeStream | middleware.CORSMiddleware      
          |        |                            |                                                                    | middleware.ResponseMiddleware  
----------|--------|----------------------------|--------------------------------------------------------------------|--------------------------------
  :6872   | POST   | /api/v1/chat_stream        | go_agent/internal/controller/chat.(*ControllerV1).ChatStream       | middleware.CORSMiddleware      
          |        |                            |                                                                    | middleware.ResponseMiddleware  
----------|--------|----------------------------|--------------------------------------------------------------------|--------------------------------
  :6872   | POST   | /api/v1/upload             | go_agent/internal/controller/chat.(*ControllerV1).FileUpload       | middleware.CORSMiddleware      
          |        |                            |                                                                    | middleware.ResponseMiddleware  
----------|--------|----------------------------|--------------------------------------------------------------------|--------------------------------
  :6872   | ALL    | /swagger/*                 | github.com/gogf/gf/v2/net/ghttp.(*Server).swaggerUI                | HOOK_BEFORE_SERVE              
----------|--------|----------------------------|--------------------------------------------------------------------|--------------------------------

{"level":"info","ts":1778126649.1072052,"caller":"chat/service.go:162","msg":"chat_stream request received","session_id":"c8c26019-afa3-46bd-9318-1508f9825e26","question_len":5,"checkpoint_id":"c8c26019-afa3-46bd-9318-1508f9825e26:2cb6206d-4e38-430d-87d1-f6a9a6f07f1a"}
{"level":"info","ts":1778126663.2159455,"caller":"chat/service.go:162","msg":"chat_stream request received","session_id":"c8c26019-afa3-46bd-9318-1508f9825e26","question_len":5,"checkpoint_id":"c8c26019-afa3-46bd-9318-1508f9825e26:3d88418a-96f5-4c23-a5a8-4386550b193b"}
{"level":"info","ts":1778127028.049048,"caller":"chat/service.go:162","msg":"chat_stream request received","session_id":"c8c26019-afa3-46bd-9318-1508f9825e26","question_len":5,"checkpoint_id":"c8c26019-afa3-46bd-9318-1508f9825e26:f96f10d3-9041-4074-9d81-77748e14844a"}
{"level":"info","ts":1778127441.269498,"caller":"chat/service.go:162","msg":"chat_stream request received","session_id":"key-test","question_len":8,"checkpoint_id":"key-test:3e5d6bd4-ae8b-4d14-b4fb-4688a10f937c"}
{"level":"info","ts":1778127652.7291033,"caller":"chat/service.go:162","msg":"chat_stream request received","session_id":"key-test","question_len":8,"checkpoint_id":"key-test:f3af03bd-e3c9-4193-9efa-01e71c233a31"}
